C51 COMPILER V9.60.7.0   PRAC3C                                                            03/12/2023 10:24:48 PAGE 1   


C51 COMPILER V9.60.7.0, COMPILATION OF MODULE PRAC3C
OBJECT MODULE PLACED IN .\Objects\prac3c.obj
COMPILER INVOKED BY: C:\Keil_v5\C51\BIN\C51.EXE prac3c.c OPTIMIZE(8,SPEED) BROWSE DEBUG OBJECTEXTEND PRINT(.\Listings\pr
                    -ac3c.lst) TABS(2) OBJECT(.\Objects\prac3c.obj)

line level    source

   1          #include <reg51.h>
   2          void delay(){
   3   1      TMOD = 0x01;
   4   1      TH0=0xFC;
   5   1      TL0=0x66;
   6   1      TR0=1;
   7   1      while(TF0==0);
   8   1      TF0=1;
   9   1      
  10   1      }
  11          void main(){
  12   1       while(1){
  13   2        P1=0x55;
  14   2        delay();
  15   2        P1=0xAA;
  16   2        delay();
  17   2      }
  18   1      }


MODULE INFORMATION:   STATIC OVERLAYABLE
   CODE SIZE        =     31    ----
   CONSTANT SIZE    =   ----    ----
   XDATA SIZE       =   ----    ----
   PDATA SIZE       =   ----    ----
   DATA SIZE        =   ----    ----
   IDATA SIZE       =   ----    ----
   BIT SIZE         =   ----    ----
END OF MODULE INFORMATION.


C51 COMPILATION COMPLETE.  0 WARNING(S),  0 ERROR(S)
